[debug] [2026-09-04T03:48:22.222Z] ----------------------------------------------------------------------
[debug] [2026-09-04T03:48:22.242Z] Command:       /usr/local/bin/node /usr/local/bin/firebase projects:list
[debug] [2026-09-04T03:48:22.242Z] CLI Version:   15.26.0
[debug] [2026-09-04T03:48:22.243Z] Platform:      linux
[debug] [2026-09-04T03:48:22.243Z] Node Version:  v22.23.2
[debug] [2026-09-04T03:48:22.244Z] Detected Agent: unknown
[debug] [2026-09-04T03:48:22.244Z] Time:          Fri Sep 04 2026 03:48:22 GMT+0000 (Coordinated Universal Time)
[debug] [2026-09-04T03:48:22.244Z] ----------------------------------------------------------------------
[debug] 
[debug] [2026-09-04T03:48:22.284Z] >>> [apiv2][query] GET https://firebase-public.firebaseio.com/cli.json [none]
[debug] [2026-09-04T03:48:22.318Z] > command requires scopes: ["email","openid","https://www.googleapis.com/auth/cloudplatformprojects.readonly","https://www.googleapis.com/auth/firebase","https://www.googleapis.com/auth/cloud-platform"]
[debug] [2026-09-04T03:48:22.390Z] Running auto auth
[debug] [2026-09-04T03:48:22.398Z] No OAuth tokens found
[debug] [2026-09-04T03:48:22.399Z] >>> [apiv2][query] GET https://firebase.googleapis.com/v1beta1/projects pageSize=1000
[debug] [2026-09-04T03:48:22.514Z] <<< [apiv2][status] GET https://firebase.googleapis.com/v1beta1/projects 403
[debug] [2026-09-04T03:48:22.514Z] <<< [apiv2][body] GET https://firebase.googleapis.com/v1beta1/projects [omitted]
[debug] [2026-09-04T03:48:22.516Z] Request to https://firebase.googleapis.com/v1beta1/projects?pageSize=1000 had HTTP Error: 403, Firebase Management API has not been used in project 527347354349 before or it is disabled. Enable it by visiting https://console.developers.google.com/apis/api/firebase.googleapis.com/overview?project=527347354349 then retry. If you enabled this API recently, wait a few minutes for the action to propagate to our systems and retry.
[debug] [2026-09-04T03:48:22.518Z] FirebaseError: Request to https://firebase.googleapis.com/v1beta1/projects?pageSize=1000 had HTTP Error: 403, Firebase Management API has not been used in project 527347354349 before or it is disabled. Enable it by visiting https://console.developers.google.com/apis/api/firebase.googleapis.com/overview?project=527347354349 then retry. If you enabled this API recently, wait a few minutes for the action to propagate to our systems and retry.
    at responseToError (/usr/local/lib/node_modules/firebase-tools/lib/responseToError.js:53:12)
    at RetryOperation._fn (/usr/local/lib/node_modules/firebase-tools/lib/apiv2.js:415:77)
    at process.processTicksAndRejections (node:internal/process/task_queues:103:5)
[error] 
[error] Error: Failed to list Firebase projects. See firebase-debug.log for more info.
[debug] [2026-09-04T03:48:22.766Z] <<< [apiv2][status] GET https://firebase-public.firebaseio.com/cli.json 200
